[000] = Jan was added
[001] = They are player number 1
[002] = Piet was added
[003] = They are player number 2
[004] = Joris was added
[005] = They are player number 3
[006] = Korneel was added
[007] = They are player number 4
[008] = Jan is the current player
[009] = They have rolled a 1
[010] = Jan's new location is 1
[011] = The category is Science
[012] = Science Question 0
[013] = Answer was corrent!!!!
[014] = Jan now has 1 Gold Coins.
[015] = Piet is the current player
[016] = They have rolled a 1
[017] = Piet's new location is 1
[018] = The category is Science
[019] = Science Question 1
[020] = Question was incorrectly answered
[021] = Piet was sent to the penalty box
[022] = Joris is the current player
[023] = They have rolled a 5
[024] = Joris's new location is 5
[025] = The category is Science
[026] = Science Question 2
[027] = Answer was corrent!!!!
[028] = Joris now has 1 Gold Coins.
[029] = Korneel is the current player
[030] = They have rolled a 3
[031] = Korneel's new location is 3
[032] = The category is Rock
[033] = Rock Question 0
[034] = Answer was corrent!!!!
[035] = Korneel now has 1 Gold Coins.
[036] = Jan is the current player
[037] = They have rolled a 5
[038] = Jan's new location is 6
[039] = The category is Sports
[040] = Sports Question 0
[041] = Answer was corrent!!!!
[042] = Jan now has 2 Gold Coins.
[043] = Piet is the current player
[044] = They have rolled a 4
[045] = Piet is not getting out of the penalty box
[046] = Joris is the current player
[047] = They have rolled a 5
[048] = Joris's new location is 10
[049] = The category is Sports
[050] = Sports Question 1
[051] = Question was incorrectly answered
[052] = Joris was sent to the penalty box
[053] = Korneel is the current player
[054] = They have rolled a 4
[055] = Korneel's new location is 7
[056] = The category is Rock
[057] = Rock Question 1
[058] = Question was incorrectly answered
[059] = Korneel was sent to the penalty box
[060] = Jan is the current player
[061] = They have rolled a 5
[062] = Jan's new location is 11
[063] = The category is Rock
[064] = Rock Question 2
[065] = Answer was corrent!!!!
[066] = Jan now has 3 Gold Coins.
[067] = Piet is the current player
[068] = They have rolled a 1
[069] = Piet is getting out of the penalty box
[070] = Piet's new location is 2
[071] = The category is Sports
[072] = Sports Question 2
[073] = Question was incorrectly answered
[074] = Piet was sent to the penalty box
[075] = Joris is the current player
[076] = They have rolled a 2
[077] = Joris is not getting out of the penalty box
[078] = Korneel is the current player
[079] = They have rolled a 4
[080] = Korneel is not getting out of the penalty box
[081] = Question was incorrectly answered
[082] = Korneel was sent to the penalty box
[083] = Jan is the current player
[084] = They have rolled a 5
[085] = Jan's new location is 4
[086] = The category is Pop
[087] = Pop Question 0
[088] = Answer was corrent!!!!
[089] = Jan now has 4 Gold Coins.
[090] = Piet is the current player
[091] = They have rolled a 4
[092] = Piet is not getting out of the penalty box
[093] = Joris is the current player
[094] = They have rolled a 1
[095] = Joris is getting out of the penalty box
[096] = Joris's new location is 11
[097] = The category is Rock
[098] = Rock Question 3
[099] = Answer was correct!!!!
[100] = Joris now has 2 Gold Coins.
[101] = Korneel is the current player
[102] = They have rolled a 1
[103] = Korneel is getting out of the penalty box
[104] = Korneel's new location is 8
[105] = The category is Pop
[106] = Pop Question 1
[107] = Answer was correct!!!!
[108] = Korneel now has 2 Gold Coins.
[109] = Jan is the current player
[110] = They have rolled a 2
[111] = Jan's new location is 6
[112] = The category is Sports
[113] = Sports Question 3
[114] = Question was incorrectly answered
[115] = Jan was sent to the penalty box
[116] = Piet is the current player
[117] = They have rolled a 4
[118] = Piet is not getting out of the penalty box
[119] = Joris is the current player
[120] = They have rolled a 2
[121] = Joris is not getting out of the penalty box
[122] = Korneel is the current player
[123] = They have rolled a 6
[124] = Korneel is not getting out of the penalty box
[125] = Jan is the current player
[126] = They have rolled a 6
[127] = Jan is not getting out of the penalty box
[128] = Piet is the current player
[129] = They have rolled a 4
[130] = Piet is not getting out of the penalty box
[131] = Joris is the current player
[132] = They have rolled a 4
[133] = Joris is not getting out of the penalty box
[134] = Question was incorrectly answered
[135] = Joris was sent to the penalty box
[136] = Korneel is the current player
[137] = They have rolled a 3
[138] = Korneel is getting out of the penalty box
[139] = Korneel's new location is 11
[140] = The category is Rock
[141] = Rock Question 4
[142] = Answer was correct!!!!
[143] = Korneel now has 3 Gold Coins.
[144] = Jan is the current player
[145] = They have rolled a 5
[146] = Jan is getting out of the penalty box
[147] = Jan's new location is 11
[148] = The category is Rock
[149] = Rock Question 5
[150] = Question was incorrectly answered
[151] = Jan was sent to the penalty box
[152] = Piet is the current player
[153] = They have rolled a 6
[154] = Piet is not getting out of the penalty box
[155] = Joris is the current player
[156] = They have rolled a 1
[157] = Joris is getting out of the penalty box
[158] = Joris's new location is 0
[159] = The category is Pop
[160] = Pop Question 2
[161] = Question was incorrectly answered
[162] = Joris was sent to the penalty box
[163] = Korneel is the current player
[164] = They have rolled a 4
[165] = Korneel is not getting out of the penalty box
[166] = Jan is the current player
[167] = They have rolled a 1
[168] = Jan is getting out of the penalty box
[169] = Jan's new location is 0
[170] = The category is Pop
[171] = Pop Question 3
[172] = Answer was correct!!!!
[173] = Jan now has 5 Gold Coins.
[174] = Piet is the current player
[175] = They have rolled a 3
[176] = Piet is getting out of the penalty box
[177] = Piet's new location is 5
[178] = The category is Science
[179] = Science Question 3
[180] = Answer was correct!!!!
[181] = Piet now has 1 Gold Coins.
[182] = Joris is the current player
[183] = They have rolled a 1
[184] = Joris is getting out of the penalty box
[185] = Joris's new location is 1
[186] = The category is Science
[187] = Science Question 4
[188] = Question was incorrectly answered
[189] = Joris was sent to the penalty box
[190] = Korneel is the current player
[191] = They have rolled a 2
[192] = Korneel is not getting out of the penalty box
[193] = Jan is the current player
[194] = They have rolled a 6
[195] = Jan is not getting out of the penalty box
[196] = Question was incorrectly answered
[197] = Jan was sent to the penalty box
[198] = Piet is the current player
[199] = They have rolled a 6
[200] = Piet is not getting out of the penalty box
[201] = Joris is the current player
[202] = They have rolled a 3
[203] = Joris is getting out of the penalty box
[204] = Joris's new location is 4
[205] = The category is Pop
[206] = Pop Question 4
[207] = Answer was correct!!!!
[208] = Joris now has 3 Gold Coins.
[209] = Korneel is the current player
[210] = They have rolled a 3
[211] = Korneel is getting out of the penalty box
[212] = Korneel's new location is 2
[213] = The category is Sports
[214] = Sports Question 4
[215] = Answer was correct!!!!
[216] = Korneel now has 4 Gold Coins.
[217] = Jan is the current player
[218] = They have rolled a 1
[219] = Jan is getting out of the penalty box
[220] = Jan's new location is 1
[221] = The category is Science
[222] = Science Question 5
[223] = Question was incorrectly answered
[224] = Jan was sent to the penalty box
[225] = Piet is the current player
[226] = They have rolled a 5
[227] = Piet is getting out of the penalty box
[228] = Piet's new location is 10
[229] = The category is Sports
[230] = Sports Question 5
[231] = Question was incorrectly answered
[232] = Piet was sent to the penalty box
[233] = Joris is the current player
[234] = They have rolled a 6
[235] = Joris is not getting out of the penalty box
[236] = Korneel is the current player
[237] = They have rolled a 6
[238] = Korneel is not getting out of the penalty box
[239] = Jan is the current player
[240] = They have rolled a 2
[241] = Jan is not getting out of the penalty box
[242] = Piet is the current player
[243] = They have rolled a 4
[244] = Piet is not getting out of the penalty box
[245] = Joris is the current player
[246] = They have rolled a 6
[247] = Joris is not getting out of the penalty box
[248] = Korneel is the current player
[249] = They have rolled a 2
[250] = Korneel is not getting out of the penalty box
[251] = Question was incorrectly answered
[252] = Korneel was sent to the penalty box
[253] = Jan is the current player
[254] = They have rolled a 3
[255] = Jan is getting out of the penalty box
[256] = Jan's new location is 4
[257] = The category is Pop
[258] = Pop Question 5
[259] = Question was incorrectly answered
[260] = Jan was sent to the penalty box
[261] = Piet is the current player
[262] = They have rolled a 4
[263] = Piet is not getting out of the penalty box
[264] = Question was incorrectly answered
[265] = Piet was sent to the penalty box
[266] = Joris is the current player
[267] = They have rolled a 4
[268] = Joris is not getting out of the penalty box
[269] = Question was incorrectly answered
[270] = Joris was sent to the penalty box
[271] = Korneel is the current player
[272] = They have rolled a 1
[273] = Korneel is getting out of the penalty box
[274] = Korneel's new location is 3
[275] = The category is Rock
[276] = Rock Question 6
[277] = Question was incorrectly answered
[278] = Korneel was sent to the penalty box
[279] = Jan is the current player
[280] = They have rolled a 1
[281] = Jan is getting out of the penalty box
[282] = Jan's new location is 5
[283] = The category is Science
[284] = Science Question 6
[285] = Question was incorrectly answered
[286] = Jan was sent to the penalty box
[287] = Piet is the current player
[288] = They have rolled a 6
[289] = Piet is not getting out of the penalty box
[290] = Joris is the current player
[291] = They have rolled a 1
[292] = Joris is getting out of the penalty box
[293] = Joris's new location is 5
[294] = The category is Science
[295] = Science Question 7
[296] = Answer was correct!!!!
[297] = Joris now has 4 Gold Coins.
[298] = Korneel is the current player
[299] = They have rolled a 2
[300] = Korneel is not getting out of the penalty box
[301] = Jan is the current player
[302] = They have rolled a 3
[303] = Jan is getting out of the penalty box
[304] = Jan's new location is 8
[305] = The category is Pop
[306] = Pop Question 6
[307] = Answer was correct!!!!
[308] = Jan now has 6 Gold Coins.
