[000] = Jan was added
[001] = They are player number 1
[002] = Piet was added
[003] = They are player number 2
[004] = Joris was added
[005] = They are player number 3
[006] = Korneel was added
[007] = They are player number 4
[008] = Jan is the current player
[009] = They have rolled a 5
[010] = Jan's new location is 5
[011] = The category is Science
[012] = Science Question 0
[013] = Answer was corrent!!!!
[014] = Jan now has 1 Gold Coins.
[015] = Piet is the current player
[016] = They have rolled a 3
[017] = Piet's new location is 3
[018] = The category is Rock
[019] = Rock Question 0
[020] = Answer was corrent!!!!
[021] = Piet now has 1 Gold Coins.
[022] = Joris is the current player
[023] = They have rolled a 4
[024] = Joris's new location is 4
[025] = The category is Pop
[026] = Pop Question 0
[027] = Answer was corrent!!!!
[028] = Joris now has 1 Gold Coins.
[029] = Korneel is the current player
[030] = They have rolled a 5
[031] = Korneel's new location is 5
[032] = The category is Science
[033] = Science Question 1
[034] = Answer was corrent!!!!
[035] = Korneel now has 1 Gold Coins.
[036] = Jan is the current player
[037] = They have rolled a 5
[038] = Jan's new location is 10
[039] = The category is Sports
[040] = Sports Question 0
[041] = Answer was corrent!!!!
[042] = Jan now has 2 Gold Coins.
[043] = Piet is the current player
[044] = They have rolled a 5
[045] = Piet's new location is 8
[046] = The category is Pop
[047] = Pop Question 1
[048] = Answer was corrent!!!!
[049] = Piet now has 2 Gold Coins.
[050] = Joris is the current player
[051] = They have rolled a 5
[052] = Joris's new location is 9
[053] = The category is Science
[054] = Science Question 2
[055] = Question was incorrectly answered
[056] = Joris was sent to the penalty box
[057] = Korneel is the current player
[058] = They have rolled a 6
[059] = Korneel's new location is 11
[060] = The category is Rock
[061] = Rock Question 1
[062] = Answer was corrent!!!!
[063] = Korneel now has 2 Gold Coins.
[064] = Jan is the current player
[065] = They have rolled a 1
[066] = Jan's new location is 11
[067] = The category is Rock
[068] = Rock Question 2
[069] = Answer was corrent!!!!
[070] = Jan now has 3 Gold Coins.
[071] = Piet is the current player
[072] = They have rolled a 1
[073] = Piet's new location is 9
[074] = The category is Science
[075] = Science Question 3
[076] = Answer was corrent!!!!
[077] = Piet now has 3 Gold Coins.
[078] = Joris is the current player
[079] = They have rolled a 1
[080] = Joris is getting out of the penalty box
[081] = Joris's new location is 10
[082] = The category is Sports
[083] = Sports Question 1
[084] = Answer was correct!!!!
[085] = Joris now has 2 Gold Coins.
[086] = Korneel is the current player
[087] = They have rolled a 1
[088] = Korneel's new location is 0
[089] = The category is Pop
[090] = Pop Question 2
[091] = Question was incorrectly answered
[092] = Korneel was sent to the penalty box
[093] = Jan is the current player
[094] = They have rolled a 1
[095] = Jan's new location is 0
[096] = The category is Pop
[097] = Pop Question 3
[098] = Answer was corrent!!!!
[099] = Jan now has 4 Gold Coins.
[100] = Piet is the current player
[101] = They have rolled a 2
[102] = Piet's new location is 11
[103] = The category is Rock
[104] = Rock Question 3
[105] = Answer was corrent!!!!
[106] = Piet now has 4 Gold Coins.
[107] = Joris is the current player
[108] = They have rolled a 2
[109] = Joris is not getting out of the penalty box
[110] = Question was incorrectly answered
[111] = Joris was sent to the penalty box
[112] = Korneel is the current player
[113] = They have rolled a 5
[114] = Korneel is getting out of the penalty box
[115] = Korneel's new location is 5
[116] = The category is Science
[117] = Science Question 4
[118] = Answer was correct!!!!
[119] = Korneel now has 3 Gold Coins.
[120] = Jan is the current player
[121] = They have rolled a 4
[122] = Jan's new location is 4
[123] = The category is Pop
[124] = Pop Question 4
[125] = Answer was corrent!!!!
[126] = Jan now has 5 Gold Coins.
[127] = Piet is the current player
[128] = They have rolled a 1
[129] = Piet's new location is 0
[130] = The category is Pop
[131] = Pop Question 5
[132] = Answer was corrent!!!!
[133] = Piet now has 5 Gold Coins.
[134] = Joris is the current player
[135] = They have rolled a 4
[136] = Joris is not getting out of the penalty box
[137] = Question was incorrectly answered
[138] = Joris was sent to the penalty box
[139] = Korneel is the current player
[140] = They have rolled a 4
[141] = Korneel is not getting out of the penalty box
[142] = Jan is the current player
[143] = They have rolled a 5
[144] = Jan's new location is 9
[145] = The category is Science
[146] = Science Question 5
[147] = Answer was corrent!!!!
[148] = Jan now has 6 Gold Coins.
