[000] = Jan was added
[001] = They are player number 1
[002] = Piet was added
[003] = They are player number 2
[004] = Joris was added
[005] = They are player number 3
[006] = Korneel was added
[007] = They are player number 4
[008] = Jan is the current player
[009] = They have rolled a 1
[010] = Jan's new location is 1
[011] = The category is Science
[012] = Science Question 0
[013] = Answer was corrent!!!!
[014] = Jan now has 1 Gold Coins.
[015] = Piet is the current player
[016] = They have rolled a 2
[017] = Piet's new location is 2
[018] = The category is Sports
[019] = Sports Question 0
[020] = Answer was corrent!!!!
[021] = Piet now has 1 Gold Coins.
[022] = Joris is the current player
[023] = They have rolled a 1
[024] = Joris's new location is 1
[025] = The category is Science
[026] = Science Question 1
[027] = Answer was corrent!!!!
[028] = Joris now has 1 Gold Coins.
[029] = Korneel is the current player
[030] = They have rolled a 4
[031] = Korneel's new location is 4
[032] = The category is Pop
[033] = Pop Question 0
[034] = Answer was corrent!!!!
[035] = Korneel now has 1 Gold Coins.
[036] = Jan is the current player
[037] = They have rolled a 2
[038] = Jan's new location is 3
[039] = The category is Rock
[040] = Rock Question 0
[041] = Answer was corrent!!!!
[042] = Jan now has 2 Gold Coins.
[043] = Piet is the current player
[044] = They have rolled a 1
[045] = Piet's new location is 3
[046] = The category is Rock
[047] = Rock Question 1
[048] = Answer was corrent!!!!
[049] = Piet now has 2 Gold Coins.
[050] = Joris is the current player
[051] = They have rolled a 4
[052] = Joris's new location is 5
[053] = The category is Science
[054] = Science Question 2
[055] = Answer was corrent!!!!
[056] = Joris now has 2 Gold Coins.
[057] = Korneel is the current player
[058] = They have rolled a 5
[059] = Korneel's new location is 9
[060] = The category is Science
[061] = Science Question 3
[062] = Answer was corrent!!!!
[063] = Korneel now has 2 Gold Coins.
[064] = Jan is the current player
[065] = They have rolled a 1
[066] = Jan's new location is 4
[067] = The category is Pop
[068] = Pop Question 1
[069] = Answer was corrent!!!!
[070] = Jan now has 3 Gold Coins.
[071] = Piet is the current player
[072] = They have rolled a 2
[073] = Piet's new location is 5
[074] = The category is Science
[075] = Science Question 4
[076] = Answer was corrent!!!!
[077] = Piet now has 3 Gold Coins.
[078] = Joris is the current player
[079] = They have rolled a 6
[080] = Joris's new location is 11
[081] = The category is Rock
[082] = Rock Question 2
[083] = Answer was corrent!!!!
[084] = Joris now has 3 Gold Coins.
[085] = Korneel is the current player
[086] = They have rolled a 1
[087] = Korneel's new location is 10
[088] = The category is Sports
[089] = Sports Question 1
[090] = Answer was corrent!!!!
[091] = Korneel now has 3 Gold Coins.
[092] = Jan is the current player
[093] = They have rolled a 2
[094] = Jan's new location is 6
[095] = The category is Sports
[096] = Sports Question 2
[097] = Answer was corrent!!!!
[098] = Jan now has 4 Gold Coins.
[099] = Piet is the current player
[100] = They have rolled a 3
[101] = Piet's new location is 8
[102] = The category is Pop
[103] = Pop Question 2
[104] = Question was incorrectly answered
[105] = Piet was sent to the penalty box
[106] = Joris is the current player
[107] = They have rolled a 1
[108] = Joris's new location is 0
[109] = The category is Pop
[110] = Pop Question 3
[111] = Answer was corrent!!!!
[112] = Joris now has 4 Gold Coins.
[113] = Korneel is the current player
[114] = They have rolled a 3
[115] = Korneel's new location is 1
[116] = The category is Science
[117] = Science Question 5
[118] = Question was incorrectly answered
[119] = Korneel was sent to the penalty box
[120] = Jan is the current player
[121] = They have rolled a 1
[122] = Jan's new location is 7
[123] = The category is Rock
[124] = Rock Question 3
[125] = Answer was corrent!!!!
[126] = Jan now has 5 Gold Coins.
[127] = Piet is the current player
[128] = They have rolled a 5
[129] = Piet is getting out of the penalty box
[130] = Piet's new location is 1
[131] = The category is Science
[132] = Science Question 6
[133] = Answer was correct!!!!
[134] = Piet now has 4 Gold Coins.
[135] = Joris is the current player
[136] = They have rolled a 2
[137] = Joris's new location is 2
[138] = The category is Sports
[139] = Sports Question 3
[140] = Answer was corrent!!!!
[141] = Joris now has 5 Gold Coins.
[142] = Korneel is the current player
[143] = They have rolled a 2
[144] = Korneel is not getting out of the penalty box
[145] = Jan is the current player
[146] = They have rolled a 5
[147] = Jan's new location is 0
[148] = The category is Pop
[149] = Pop Question 4
[150] = Answer was corrent!!!!
[151] = Jan now has 6 Gold Coins.
