[000] = Jan was added
[001] = They are player number 1
[002] = Piet was added
[003] = They are player number 2
[004] = Joris was added
[005] = They are player number 3
[006] = Korneel was added
[007] = They are player number 4
[008] = Jan is the current player
[009] = They have rolled a 6
[010] = Jan's new location is 6
[011] = The category is Sports
[012] = Sports Question 0
[013] = Answer was corrent!!!!
[014] = Jan now has 1 Gold Coins.
[015] = Piet is the current player
[016] = They have rolled a 5
[017] = Piet's new location is 5
[018] = The category is Science
[019] = Science Question 0
[020] = Answer was corrent!!!!
[021] = Piet now has 1 Gold Coins.
[022] = Joris is the current player
[023] = They have rolled a 3
[024] = Joris's new location is 3
[025] = The category is Rock
[026] = Rock Question 0
[027] = Answer was corrent!!!!
[028] = Joris now has 1 Gold Coins.
[029] = Korneel is the current player
[030] = They have rolled a 3
[031] = Korneel's new location is 3
[032] = The category is Rock
[033] = Rock Question 1
[034] = Answer was corrent!!!!
[035] = Korneel now has 1 Gold Coins.
[036] = Jan is the current player
[037] = They have rolled a 1
[038] = Jan's new location is 7
[039] = The category is Rock
[040] = Rock Question 2
[041] = Answer was corrent!!!!
[042] = Jan now has 2 Gold Coins.
[043] = Piet is the current player
[044] = They have rolled a 6
[045] = Piet's new location is 11
[046] = The category is Rock
[047] = Rock Question 3
[048] = Question was incorrectly answered
[049] = Piet was sent to the penalty box
[050] = Joris is the current player
[051] = They have rolled a 5
[052] = Joris's new location is 8
[053] = The category is Pop
[054] = Pop Question 0
[055] = Answer was corrent!!!!
[056] = Joris now has 2 Gold Coins.
[057] = Korneel is the current player
[058] = They have rolled a 6
[059] = Korneel's new location is 9
[060] = The category is Science
[061] = Science Question 1
[062] = Question was incorrectly answered
[063] = Korneel was sent to the penalty box
[064] = Jan is the current player
[065] = They have rolled a 3
[066] = Jan's new location is 10
[067] = The category is Sports
[068] = Sports Question 1
[069] = Answer was corrent!!!!
[070] = Jan now has 3 Gold Coins.
[071] = Piet is the current player
[072] = They have rolled a 4
[073] = Piet is not getting out of the penalty box
[074] = Joris is the current player
[075] = They have rolled a 6
[076] = Joris's new location is 2
[077] = The category is Sports
[078] = Sports Question 2
[079] = Answer was corrent!!!!
[080] = Joris now has 3 Gold Coins.
[081] = Korneel is the current player
[082] = They have rolled a 4
[083] = Korneel is not getting out of the penalty box
[084] = Question was incorrectly answered
[085] = Korneel was sent to the penalty box
[086] = Jan is the current player
[087] = They have rolled a 2
[088] = Jan's new location is 0
[089] = The category is Pop
[090] = Pop Question 1
[091] = Answer was corrent!!!!
[092] = Jan now has 4 Gold Coins.
[093] = Piet is the current player
[094] = They have rolled a 1
[095] = Piet is getting out of the penalty box
[096] = Piet's new location is 0
[097] = The category is Pop
[098] = Pop Question 2
[099] = Answer was correct!!!!
[100] = Piet now has 2 Gold Coins.
[101] = Joris is the current player
[102] = They have rolled a 3
[103] = Joris's new location is 5
[104] = The category is Science
[105] = Science Question 2
[106] = Question was incorrectly answered
[107] = Joris was sent to the penalty box
[108] = Korneel is the current player
[109] = They have rolled a 5
[110] = Korneel is getting out of the penalty box
[111] = Korneel's new location is 2
[112] = The category is Sports
[113] = Sports Question 3
[114] = Question was incorrectly answered
[115] = Korneel was sent to the penalty box
[116] = Jan is the current player
[117] = They have rolled a 1
[118] = Jan's new location is 1
[119] = The category is Science
[120] = Science Question 3
[121] = Answer was corrent!!!!
[122] = Jan now has 5 Gold Coins.
[123] = Piet is the current player
[124] = They have rolled a 2
[125] = Piet is not getting out of the penalty box
[126] = Joris is the current player
[127] = They have rolled a 6
[128] = Joris is not getting out of the penalty box
[129] = Question was incorrectly answered
[130] = Joris was sent to the penalty box
[131] = Korneel is the current player
[132] = They have rolled a 4
[133] = Korneel is not getting out of the penalty box
[134] = Jan is the current player
[135] = They have rolled a 1
[136] = Jan's new location is 2
[137] = The category is Sports
[138] = Sports Question 4
[139] = Question was incorrectly answered
[140] = Jan was sent to the penalty box
[141] = Piet is the current player
[142] = They have rolled a 6
[143] = Piet is not getting out of the penalty box
[144] = Joris is the current player
[145] = They have rolled a 1
[146] = Joris is getting out of the penalty box
[147] = Joris's new location is 6
[148] = The category is Sports
[149] = Sports Question 5
[150] = Answer was correct!!!!
[151] = Joris now has 4 Gold Coins.
[152] = Korneel is the current player
[153] = They have rolled a 3
[154] = Korneel is getting out of the penalty box
[155] = Korneel's new location is 5
[156] = The category is Science
[157] = Science Question 4
[158] = Answer was correct!!!!
[159] = Korneel now has 2 Gold Coins.
[160] = Jan is the current player
[161] = They have rolled a 2
[162] = Jan is not getting out of the penalty box
[163] = Question was incorrectly answered
[164] = Jan was sent to the penalty box
[165] = Piet is the current player
[166] = They have rolled a 5
[167] = Piet is getting out of the penalty box
[168] = Piet's new location is 5
[169] = The category is Science
[170] = Science Question 5
[171] = Answer was correct!!!!
[172] = Piet now has 3 Gold Coins.
[173] = Joris is the current player
[174] = They have rolled a 3
[175] = Joris is getting out of the penalty box
[176] = Joris's new location is 9
[177] = The category is Science
[178] = Science Question 6
[179] = Answer was correct!!!!
[180] = Joris now has 5 Gold Coins.
[181] = Korneel is the current player
[182] = They have rolled a 4
[183] = Korneel is not getting out of the penalty box
[184] = Jan is the current player
[185] = They have rolled a 4
[186] = Jan is not getting out of the penalty box
[187] = Piet is the current player
[188] = They have rolled a 3
[189] = Piet is getting out of the penalty box
[190] = Piet's new location is 8
[191] = The category is Pop
[192] = Pop Question 3
[193] = Answer was correct!!!!
[194] = Piet now has 4 Gold Coins.
[195] = Joris is the current player
[196] = They have rolled a 2
[197] = Joris is not getting out of the penalty box
[198] = Question was incorrectly answered
[199] = Joris was sent to the penalty box
[200] = Korneel is the current player
[201] = They have rolled a 3
[202] = Korneel is getting out of the penalty box
[203] = Korneel's new location is 8
[204] = The category is Pop
[205] = Pop Question 4
[206] = Answer was correct!!!!
[207] = Korneel now has 3 Gold Coins.
[208] = Jan is the current player
[209] = They have rolled a 2
[210] = Jan is not getting out of the penalty box
[211] = Question was incorrectly answered
[212] = Jan was sent to the penalty box
[213] = Piet is the current player
[214] = They have rolled a 2
[215] = Piet is not getting out of the penalty box
[216] = Joris is the current player
[217] = They have rolled a 2
[218] = Joris is not getting out of the penalty box
[219] = Korneel is the current player
[220] = They have rolled a 3
[221] = Korneel is getting out of the penalty box
[222] = Korneel's new location is 11
[223] = The category is Rock
[224] = Rock Question 4
[225] = Answer was correct!!!!
[226] = Korneel now has 4 Gold Coins.
[227] = Jan is the current player
[228] = They have rolled a 5
[229] = Jan is getting out of the penalty box
[230] = Jan's new location is 7
[231] = The category is Rock
[232] = Rock Question 5
[233] = Answer was correct!!!!
[234] = Jan now has 6 Gold Coins.
