[000] = Jan was added
[001] = They are player number 1
[002] = Piet was added
[003] = They are player number 2
[004] = Joris was added
[005] = They are player number 3
[006] = Korneel was added
[007] = They are player number 4
[008] = Jan is the current player
[009] = They have rolled a 5
[010] = Jan's new location is 5
[011] = The category is Science
[012] = Answer was corrent!!!!
[013] = Jan now has 1 Gold Coins.
[014] = Piet is the current player
[015] = They have rolled a 3
[016] = Piet's new location is 3
[017] = The category is Rock
[018] = Answer was corrent!!!!
[019] = Piet now has 1 Gold Coins.
[020] = Joris is the current player
[021] = They have rolled a 4
[022] = Joris's new location is 4
[023] = The category is Pop
[024] = Answer was corrent!!!!
[025] = Joris now has 1 Gold Coins.
[026] = Korneel is the current player
[027] = They have rolled a 5
[028] = Korneel's new location is 5
[029] = The category is Science
[030] = Answer was corrent!!!!
[031] = Korneel now has 1 Gold Coins.
[032] = Jan is the current player
[033] = They have rolled a 5
[034] = Jan's new location is 10
[035] = The category is Sports
[036] = Answer was corrent!!!!
[037] = Jan now has 2 Gold Coins.
[038] = Piet is the current player
[039] = They have rolled a 5
[040] = Piet's new location is 8
[041] = The category is Pop
[042] = Answer was corrent!!!!
[043] = Piet now has 2 Gold Coins.
[044] = Joris is the current player
[045] = They have rolled a 5
[046] = Joris's new location is 9
[047] = The category is Science
[048] = Question was incorrectly answered
[049] = Joris was sent to the penalty box
[050] = Korneel is the current player
[051] = They have rolled a 6
[052] = Korneel's new location is 11
[053] = The category is Rock
[054] = Answer was corrent!!!!
[055] = Korneel now has 2 Gold Coins.
[056] = Jan is the current player
[057] = They have rolled a 1
[058] = Jan's new location is 11
[059] = The category is Rock
[060] = Answer was corrent!!!!
[061] = Jan now has 3 Gold Coins.
[062] = Piet is the current player
[063] = They have rolled a 1
[064] = Piet's new location is 9
[065] = The category is Science
[066] = Answer was corrent!!!!
[067] = Piet now has 3 Gold Coins.
[068] = Joris is the current player
[069] = They have rolled a 1
[070] = Joris is getting out of the penalty box
[071] = Joris's new location is 10
[072] = The category is Sports
[073] = Answer was correct!!!!
[074] = Joris now has 2 Gold Coins.
[075] = Korneel is the current player
[076] = They have rolled a 1
[077] = Korneel's new location is 0
[078] = The category is Pop
[079] = Question was incorrectly answered
[080] = Korneel was sent to the penalty box
[081] = Jan is the current player
[082] = They have rolled a 1
[083] = Jan's new location is 0
[084] = The category is Pop
[085] = Answer was corrent!!!!
[086] = Jan now has 4 Gold Coins.
[087] = Piet is the current player
[088] = They have rolled a 2
[089] = Piet's new location is 11
[090] = The category is Rock
[091] = Answer was corrent!!!!
[092] = Piet now has 4 Gold Coins.
[093] = Joris is the current player
[094] = They have rolled a 2
[095] = Joris is not getting out of the penalty box
[096] = Question was incorrectly answered
[097] = Joris was sent to the penalty box
[098] = Korneel is the current player
[099] = They have rolled a 5
[100] = Korneel is getting out of the penalty box
[101] = Korneel's new location is 5
[102] = The category is Science
[103] = Answer was correct!!!!
[104] = Korneel now has 3 Gold Coins.
[105] = Jan is the current player
[106] = They have rolled a 4
[107] = Jan's new location is 4
[108] = The category is Pop
[109] = Answer was corrent!!!!
[110] = Jan now has 5 Gold Coins.
[111] = Piet is the current player
[112] = They have rolled a 1
[113] = Piet's new location is 0
[114] = The category is Pop
[115] = Answer was corrent!!!!
[116] = Piet now has 5 Gold Coins.
[117] = Joris is the current player
[118] = They have rolled a 4
[119] = Joris is not getting out of the penalty box
[120] = Question was incorrectly answered
[121] = Joris was sent to the penalty box
[122] = Korneel is the current player
[123] = They have rolled a 4
[124] = Korneel is not getting out of the penalty box
[125] = Jan is the current player
[126] = They have rolled a 5
[127] = Jan's new location is 9
[128] = The category is Science
[129] = Answer was corrent!!!!
[130] = Jan now has 6 Gold Coins.
