[000] = Jan was added
[001] = They are player number 1
[002] = Piet was added
[003] = They are player number 2
[004] = Joris was added
[005] = They are player number 3
[006] = Korneel was added
[007] = They are player number 4
[008] = Jan is the current player
[009] = They have rolled a 5
[010] = Jan's new location is 5
[011] = The category is Science
[012] = Science Question 0
[013] = Answer was corrent!!!!
[014] = Jan now has 1 Gold Coins.
[015] = Piet is the current player
[016] = They have rolled a 5
[017] = Piet's new location is 5
[018] = The category is Science
[019] = Science Question 1
[020] = Answer was corrent!!!!
[021] = Piet now has 1 Gold Coins.
[022] = Joris is the current player
[023] = They have rolled a 6
[024] = Joris's new location is 6
[025] = The category is Sports
[026] = Sports Question 0
[027] = Answer was corrent!!!!
[028] = Joris now has 1 Gold Coins.
[029] = Korneel is the current player
[030] = They have rolled a 5
[031] = Korneel's new location is 5
[032] = The category is Science
[033] = Science Question 2
[034] = Answer was corrent!!!!
[035] = Korneel now has 1 Gold Coins.
[036] = Jan is the current player
[037] = They have rolled a 2
[038] = Jan's new location is 7
[039] = The category is Rock
[040] = Rock Question 0
[041] = Answer was corrent!!!!
[042] = Jan now has 2 Gold Coins.
[043] = Piet is the current player
[044] = They have rolled a 3
[045] = Piet's new location is 8
[046] = The category is Pop
[047] = Pop Question 0
[048] = Question was incorrectly answered
[049] = Piet was sent to the penalty box
[050] = Joris is the current player
[051] = They have rolled a 2
[052] = Joris's new location is 8
[053] = The category is Pop
[054] = Pop Question 1
[055] = Answer was corrent!!!!
[056] = Joris now has 2 Gold Coins.
[057] = Korneel is the current player
[058] = They have rolled a 6
[059] = Korneel's new location is 11
[060] = The category is Rock
[061] = Rock Question 1
[062] = Answer was corrent!!!!
[063] = Korneel now has 2 Gold Coins.
[064] = Jan is the current player
[065] = They have rolled a 5
[066] = Jan's new location is 0
[067] = The category is Pop
[068] = Pop Question 2
[069] = Answer was corrent!!!!
[070] = Jan now has 3 Gold Coins.
[071] = Piet is the current player
[072] = They have rolled a 3
[073] = Piet is getting out of the penalty box
[074] = Piet's new location is 11
[075] = The category is Rock
[076] = Rock Question 2
[077] = Question was incorrectly answered
[078] = Piet was sent to the penalty box
[079] = Joris is the current player
[080] = They have rolled a 5
[081] = Joris's new location is 1
[082] = The category is Science
[083] = Science Question 3
[084] = Answer was corrent!!!!
[085] = Joris now has 3 Gold Coins.
[086] = Korneel is the current player
[087] = They have rolled a 1
[088] = Korneel's new location is 0
[089] = The category is Pop
[090] = Pop Question 3
[091] = Question was incorrectly answered
[092] = Korneel was sent to the penalty box
[093] = Jan is the current player
[094] = They have rolled a 2
[095] = Jan's new location is 2
[096] = The category is Sports
[097] = Sports Question 1
[098] = Question was incorrectly answered
[099] = Jan was sent to the penalty box
[100] = Piet is the current player
[101] = They have rolled a 2
[102] = Piet is not getting out of the penalty box
[103] = Joris is the current player
[104] = They have rolled a 3
[105] = Joris's new location is 4
[106] = The category is Pop
[107] = Pop Question 4
[108] = Answer was corrent!!!!
[109] = Joris now has 4 Gold Coins.
[110] = Korneel is the current player
[111] = They have rolled a 3
[112] = Korneel is getting out of the penalty box
[113] = Korneel's new location is 3
[114] = The category is Rock
[115] = Rock Question 3
[116] = Answer was correct!!!!
[117] = Korneel now has 3 Gold Coins.
[118] = Jan is the current player
[119] = They have rolled a 5
[120] = Jan is getting out of the penalty box
[121] = Jan's new location is 7
[122] = The category is Rock
[123] = Rock Question 4
[124] = Question was incorrectly answered
[125] = Jan was sent to the penalty box
[126] = Piet is the current player
[127] = They have rolled a 6
[128] = Piet is not getting out of the penalty box
[129] = Joris is the current player
[130] = They have rolled a 5
[131] = Joris's new location is 9
[132] = The category is Science
[133] = Science Question 4
[134] = Question was incorrectly answered
[135] = Joris was sent to the penalty box
[136] = Korneel is the current player
[137] = They have rolled a 3
[138] = Korneel is getting out of the penalty box
[139] = Korneel's new location is 6
[140] = The category is Sports
[141] = Sports Question 2
[142] = Answer was correct!!!!
[143] = Korneel now has 4 Gold Coins.
[144] = Jan is the current player
[145] = They have rolled a 6
[146] = Jan is not getting out of the penalty box
[147] = Question was incorrectly answered
[148] = Jan was sent to the penalty box
[149] = Piet is the current player
[150] = They have rolled a 1
[151] = Piet is getting out of the penalty box
[152] = Piet's new location is 0
[153] = The category is Pop
[154] = Pop Question 5
[155] = Answer was correct!!!!
[156] = Piet now has 2 Gold Coins.
[157] = Joris is the current player
[158] = They have rolled a 1
[159] = Joris is getting out of the penalty box
[160] = Joris's new location is 10
[161] = The category is Sports
[162] = Sports Question 3
[163] = Question was incorrectly answered
[164] = Joris was sent to the penalty box
[165] = Korneel is the current player
[166] = They have rolled a 2
[167] = Korneel is not getting out of the penalty box
[168] = Jan is the current player
[169] = They have rolled a 3
[170] = Jan is getting out of the penalty box
[171] = Jan's new location is 10
[172] = The category is Sports
[173] = Sports Question 4
[174] = Answer was correct!!!!
[175] = Jan now has 4 Gold Coins.
[176] = Piet is the current player
[177] = They have rolled a 6
[178] = Piet is not getting out of the penalty box
[179] = Joris is the current player
[180] = They have rolled a 5
[181] = Joris is getting out of the penalty box
[182] = Joris's new location is 3
[183] = The category is Rock
[184] = Rock Question 5
[185] = Answer was correct!!!!
[186] = Joris now has 5 Gold Coins.
[187] = Korneel is the current player
[188] = They have rolled a 1
[189] = Korneel is getting out of the penalty box
[190] = Korneel's new location is 7
[191] = The category is Rock
[192] = Rock Question 6
[193] = Answer was correct!!!!
[194] = Korneel now has 5 Gold Coins.
[195] = Jan is the current player
[196] = They have rolled a 3
[197] = Jan is getting out of the penalty box
[198] = Jan's new location is 1
[199] = The category is Science
[200] = Science Question 5
[201] = Question was incorrectly answered
[202] = Jan was sent to the penalty box
[203] = Piet is the current player
[204] = They have rolled a 2
[205] = Piet is not getting out of the penalty box
[206] = Question was incorrectly answered
[207] = Piet was sent to the penalty box
[208] = Joris is the current player
[209] = They have rolled a 2
[210] = Joris is not getting out of the penalty box
[211] = Korneel is the current player
[212] = They have rolled a 5
[213] = Korneel is getting out of the penalty box
[214] = Korneel's new location is 0
[215] = The category is Pop
[216] = Pop Question 6
[217] = Question was incorrectly answered
[218] = Korneel was sent to the penalty box
[219] = Jan is the current player
[220] = They have rolled a 2
[221] = Jan is not getting out of the penalty box
[222] = Piet is the current player
[223] = They have rolled a 2
[224] = Piet is not getting out of the penalty box
[225] = Joris is the current player
[226] = They have rolled a 5
[227] = Joris is getting out of the penalty box
[228] = Joris's new location is 8
[229] = The category is Pop
[230] = Pop Question 7
[231] = Answer was correct!!!!
[232] = Joris now has 6 Gold Coins.
