

label[0] = Jan was added
label[1] = They are player number 1
label[2] = Piet was added
label[3] = They are player number 2
label[4] = Joris was added
label[5] = They are player number 3
label[6] = Korneel was added
label[7] = They are player number 4
label[8] = Jan is the current player
label[9] = They have rolled a 4
label[10] = Jan's new location is 4
label[11] = The category is Pop
label[12] = Pop Question 0
label[13] = Answer was corrent!!!!
label[14] = Jan now has 1 Gold Coins.
label[15] = Piet is the current player
label[16] = They have rolled a 5
label[17] = Piet's new location is 5
label[18] = The category is Science
label[19] = Science Question 0
label[20] = Question was incorrectly answered
label[21] = Piet was sent to the penalty box
label[22] = Joris is the current player
label[23] = They have rolled a 4
label[24] = Joris's new location is 4
label[25] = The category is Pop
label[26] = Pop Question 1
label[27] = Answer was corrent!!!!
label[28] = Joris now has 1 Gold Coins.
label[29] = Korneel is the current player
label[30] = They have rolled a 2
label[31] = Korneel's new location is 2
label[32] = The category is Sports
label[33] = Sports Question 0
label[34] = Answer was corrent!!!!
label[35] = Korneel now has 1 Gold Coins.
label[36] = Jan is the current player
label[37] = They have rolled a 6
label[38] = Jan's new location is 10
label[39] = The category is Sports
label[40] = Sports Question 1
label[41] = Question was incorrectly answered
label[42] = Jan was sent to the penalty box
label[43] = Piet is the current player
label[44] = They have rolled a 3
label[45] = Piet is getting out of the penalty box
label[46] = Piet's new location is 8
label[47] = The category is Pop
label[48] = Pop Question 2
label[49] = Answer was correct!!!!
label[50] = Piet now has 1 Gold Coins.
label[51] = Joris is the current player
label[52] = They have rolled a 4
label[53] = Joris's new location is 8
label[54] = The category is Pop
label[55] = Pop Question 3
label[56] = Answer was corrent!!!!
label[57] = Joris now has 2 Gold Coins.
label[58] = Korneel is the current player
label[59] = They have rolled a 6
label[60] = Korneel's new location is 8
label[61] = The category is Pop
label[62] = Pop Question 4
label[63] = Question was incorrectly answered
label[64] = Korneel was sent to the penalty box
label[65] = Jan is the current player
label[66] = They have rolled a 1
label[67] = Jan is getting out of the penalty box
label[68] = Jan's new location is 11
label[69] = The category is Rock
label[70] = Rock Question 0
label[71] = Answer was correct!!!!
label[72] = Jan now has 2 Gold Coins.
label[73] = Piet is the current player
label[74] = They have rolled a 4
label[75] = Piet is not getting out of the penalty box
label[76] = Joris is the current player
label[77] = They have rolled a 5
label[78] = Joris's new location is 1
label[79] = The category is Science
label[80] = Science Question 1
label[81] = Question was incorrectly answered
label[82] = Joris was sent to the penalty box
label[83] = Korneel is the current player
label[84] = They have rolled a 5
label[85] = Korneel is getting out of the penalty box
label[86] = Korneel's new location is 1
label[87] = The category is Science
label[88] = Science Question 2
label[89] = Answer was correct!!!!
label[90] = Korneel now has 2 Gold Coins.
label[91] = Jan is the current player
label[92] = They have rolled a 2
label[93] = Jan is not getting out of the penalty box
label[94] = Piet is the current player
label[95] = They have rolled a 2
label[96] = Piet is not getting out of the penalty box
label[97] = Joris is the current player
label[98] = They have rolled a 6
label[99] = Joris is not getting out of the penalty box
label[100] = Question was incorrectly answered
label[101] = Joris was sent to the penalty box
label[102] = Korneel is the current player
label[103] = They have rolled a 4
label[104] = Korneel is not getting out of the penalty box
label[105] = Jan is the current player
label[106] = They have rolled a 1
label[107] = Jan is getting out of the penalty box
label[108] = Jan's new location is 0
label[109] = The category is Pop
label[110] = Pop Question 5
label[111] = Answer was correct!!!!
label[112] = Jan now has 3 Gold Coins.
label[113] = Piet is the current player
label[114] = They have rolled a 4
label[115] = Piet is not getting out of the penalty box
label[116] = Joris is the current player
label[117] = They have rolled a 1
label[118] = Joris is getting out of the penalty box
label[119] = Joris's new location is 2
label[120] = The category is Sports
label[121] = Sports Question 2
label[122] = Answer was correct!!!!
label[123] = Joris now has 3 Gold Coins.
label[124] = Korneel is the current player
label[125] = They have rolled a 6
label[126] = Korneel is not getting out of the penalty box
label[127] = Question was incorrectly answered
label[128] = Korneel was sent to the penalty box
label[129] = Jan is the current player
label[130] = They have rolled a 1
label[131] = Jan is getting out of the penalty box
label[132] = Jan's new location is 1
label[133] = The category is Science
label[134] = Science Question 3
label[135] = Answer was correct!!!!
label[136] = Jan now has 4 Gold Coins.
label[137] = Piet is the current player
label[138] = They have rolled a 1
label[139] = Piet is getting out of the penalty box
label[140] = Piet's new location is 9
label[141] = The category is Science
label[142] = Science Question 4
label[143] = Answer was correct!!!!
label[144] = Piet now has 2 Gold Coins.
label[145] = Joris is the current player
label[146] = They have rolled a 6
label[147] = Joris is not getting out of the penalty box
label[148] = Question was incorrectly answered
label[149] = Joris was sent to the penalty box
label[150] = Korneel is the current player
label[151] = They have rolled a 6
label[152] = Korneel is not getting out of the penalty box
label[153] = Question was incorrectly answered
label[154] = Korneel was sent to the penalty box
label[155] = Jan is the current player
label[156] = They have rolled a 3
label[157] = Jan is getting out of the penalty box
label[158] = Jan's new location is 4
label[159] = The category is Pop
label[160] = Pop Question 6
label[161] = Answer was correct!!!!
label[162] = Jan now has 5 Gold Coins.
label[163] = Piet is the current player
label[164] = They have rolled a 3
label[165] = Piet is getting out of the penalty box
label[166] = Piet's new location is 0
label[167] = The category is Pop
label[168] = Pop Question 7
label[169] = Answer was correct!!!!
label[170] = Piet now has 3 Gold Coins.
label[171] = Joris is the current player
label[172] = They have rolled a 4
label[173] = Joris is not getting out of the penalty box
label[174] = Korneel is the current player
label[175] = They have rolled a 2
label[176] = Korneel is not getting out of the penalty box
label[177] = Jan is the current player
label[178] = They have rolled a 2
label[179] = Jan is not getting out of the penalty box
label[180] = Piet is the current player
label[181] = They have rolled a 5
label[182] = Piet is getting out of the penalty box
label[183] = Piet's new location is 5
label[184] = The category is Science
label[185] = Science Question 5
label[186] = Question was incorrectly answered
label[187] = Piet was sent to the penalty box
label[188] = Joris is the current player
label[189] = They have rolled a 3
label[190] = Joris is getting out of the penalty box
label[191] = Joris's new location is 5
label[192] = The category is Science
label[193] = Science Question 6
label[194] = Answer was correct!!!!
label[195] = Joris now has 4 Gold Coins.
label[196] = Korneel is the current player
label[197] = They have rolled a 6
label[198] = Korneel is not getting out of the penalty box
label[199] = Question was incorrectly answered
label[200] = Korneel was sent to the penalty box
label[201] = Jan is the current player
label[202] = They have rolled a 1
label[203] = Jan is getting out of the penalty box
label[204] = Jan's new location is 5
label[205] = The category is Science
label[206] = Science Question 7
label[207] = Answer was correct!!!!
label[208] = Jan now has 6 Gold Coins.
