

label[0] = Jan was added
label[1] = They are player number 1
label[2] = Piet was added
label[3] = They are player number 2
label[4] = Joris was added
label[5] = They are player number 3
label[6] = Korneel was added
label[7] = They are player number 4
label[8] = Jan is the current player
label[9] = They have rolled a 3
label[10] = Jan's new location is 3
label[11] = The category is Rock
label[12] = Rock Question 0
label[13] = Answer was corrent!!!!
label[14] = Jan now has 1 Gold Coins.
label[15] = Piet is the current player
label[16] = They have rolled a 2
label[17] = Piet's new location is 2
label[18] = The category is Sports
label[19] = Sports Question 0
label[20] = Answer was corrent!!!!
label[21] = Piet now has 1 Gold Coins.
label[22] = Joris is the current player
label[23] = They have rolled a 2
label[24] = Joris's new location is 2
label[25] = The category is Sports
label[26] = Sports Question 1
label[27] = Answer was corrent!!!!
label[28] = Joris now has 1 Gold Coins.
label[29] = Korneel is the current player
label[30] = They have rolled a 4
label[31] = Korneel's new location is 4
label[32] = The category is Pop
label[33] = Pop Question 0
label[34] = Answer was corrent!!!!
label[35] = Korneel now has 1 Gold Coins.
label[36] = Jan is the current player
label[37] = They have rolled a 3
label[38] = Jan's new location is 6
label[39] = The category is Sports
label[40] = Sports Question 2
label[41] = Answer was corrent!!!!
label[42] = Jan now has 2 Gold Coins.
label[43] = Piet is the current player
label[44] = They have rolled a 6
label[45] = Piet's new location is 8
label[46] = The category is Pop
label[47] = Pop Question 1
label[48] = Question was incorrectly answered
label[49] = Piet was sent to the penalty box
label[50] = Joris is the current player
label[51] = They have rolled a 1
label[52] = Joris's new location is 3
label[53] = The category is Rock
label[54] = Rock Question 1
label[55] = Answer was corrent!!!!
label[56] = Joris now has 2 Gold Coins.
label[57] = Korneel is the current player
label[58] = They have rolled a 6
label[59] = Korneel's new location is 10
label[60] = The category is Sports
label[61] = Sports Question 3
label[62] = Question was incorrectly answered
label[63] = Korneel was sent to the penalty box
label[64] = Jan is the current player
label[65] = They have rolled a 4
label[66] = Jan's new location is 10
label[67] = The category is Sports
label[68] = Sports Question 4
label[69] = Answer was corrent!!!!
label[70] = Jan now has 3 Gold Coins.
label[71] = Piet is the current player
label[72] = They have rolled a 1
label[73] = Piet is getting out of the penalty box
label[74] = Piet's new location is 9
label[75] = The category is Science
label[76] = Science Question 0
label[77] = Answer was correct!!!!
label[78] = Piet now has 2 Gold Coins.
label[79] = Joris is the current player
label[80] = They have rolled a 6
label[81] = Joris's new location is 9
label[82] = The category is Science
label[83] = Science Question 1
label[84] = Question was incorrectly answered
label[85] = Joris was sent to the penalty box
label[86] = Korneel is the current player
label[87] = They have rolled a 3
label[88] = Korneel is getting out of the penalty box
label[89] = Korneel's new location is 1
label[90] = The category is Science
label[91] = Science Question 2
label[92] = Answer was correct!!!!
label[93] = Korneel now has 2 Gold Coins.
label[94] = Jan is the current player
label[95] = They have rolled a 1
label[96] = Jan's new location is 11
label[97] = The category is Rock
label[98] = Rock Question 2
label[99] = Answer was corrent!!!!
label[100] = Jan now has 4 Gold Coins.
label[101] = Piet is the current player
label[102] = They have rolled a 1
label[103] = Piet is getting out of the penalty box
label[104] = Piet's new location is 10
label[105] = The category is Sports
label[106] = Sports Question 5
label[107] = Answer was correct!!!!
label[108] = Piet now has 3 Gold Coins.
label[109] = Joris is the current player
label[110] = They have rolled a 3
label[111] = Joris is getting out of the penalty box
label[112] = Joris's new location is 0
label[113] = The category is Pop
label[114] = Pop Question 2
label[115] = Answer was correct!!!!
label[116] = Joris now has 3 Gold Coins.
label[117] = Korneel is the current player
label[118] = They have rolled a 1
label[119] = Korneel is getting out of the penalty box
label[120] = Korneel's new location is 2
label[121] = The category is Sports
label[122] = Sports Question 6
label[123] = Answer was correct!!!!
label[124] = Korneel now has 3 Gold Coins.
label[125] = Jan is the current player
label[126] = They have rolled a 6
label[127] = Jan's new location is 5
label[128] = The category is Science
label[129] = Science Question 3
label[130] = Question was incorrectly answered
label[131] = Jan was sent to the penalty box
label[132] = Piet is the current player
label[133] = They have rolled a 1
label[134] = Piet is getting out of the penalty box
label[135] = Piet's new location is 11
label[136] = The category is Rock
label[137] = Rock Question 3
label[138] = Answer was correct!!!!
label[139] = Piet now has 4 Gold Coins.
label[140] = Joris is the current player
label[141] = They have rolled a 5
label[142] = Joris is getting out of the penalty box
label[143] = Joris's new location is 5
label[144] = The category is Science
label[145] = Science Question 4
label[146] = Question was incorrectly answered
label[147] = Joris was sent to the penalty box
label[148] = Korneel is the current player
label[149] = They have rolled a 2
label[150] = Korneel is not getting out of the penalty box
label[151] = Jan is the current player
label[152] = They have rolled a 3
label[153] = Jan is getting out of the penalty box
label[154] = Jan's new location is 8
label[155] = The category is Pop
label[156] = Pop Question 3
label[157] = Answer was correct!!!!
label[158] = Jan now has 5 Gold Coins.
label[159] = Piet is the current player
label[160] = They have rolled a 1
label[161] = Piet is getting out of the penalty box
label[162] = Piet's new location is 0
label[163] = The category is Pop
label[164] = Pop Question 4
label[165] = Answer was correct!!!!
label[166] = Piet now has 5 Gold Coins.
label[167] = Joris is the current player
label[168] = They have rolled a 6
label[169] = Joris is not getting out of the penalty box
label[170] = Question was incorrectly answered
label[171] = Joris was sent to the penalty box
label[172] = Korneel is the current player
label[173] = They have rolled a 5
label[174] = Korneel is getting out of the penalty box
label[175] = Korneel's new location is 7
label[176] = The category is Rock
label[177] = Rock Question 4
label[178] = Question was incorrectly answered
label[179] = Korneel was sent to the penalty box
label[180] = Jan is the current player
label[181] = They have rolled a 2
label[182] = Jan is not getting out of the penalty box
label[183] = Piet is the current player
label[184] = They have rolled a 5
label[185] = Piet is getting out of the penalty box
label[186] = Piet's new location is 5
label[187] = The category is Science
label[188] = Science Question 5
label[189] = Answer was correct!!!!
label[190] = Piet now has 6 Gold Coins.
