

label[0] = Jan was added
label[1] = They are player number 1
label[2] = Piet was added
label[3] = They are player number 2
label[4] = Joris was added
label[5] = They are player number 3
label[6] = Korneel was added
label[7] = They are player number 4
label[8] = Jan is the current player
label[9] = They have rolled a 2
label[10] = Jan's new location is 2
label[11] = The category is Sports
label[12] = Sports Question 0
label[13] = Answer was corrent!!!!
label[14] = Jan now has 1 Gold Coins.
label[15] = Piet is the current player
label[16] = They have rolled a 1
label[17] = Piet's new location is 1
label[18] = The category is Science
label[19] = Science Question 0
label[20] = Answer was corrent!!!!
label[21] = Piet now has 1 Gold Coins.
label[22] = Joris is the current player
label[23] = They have rolled a 5
label[24] = Joris's new location is 5
label[25] = The category is Science
label[26] = Science Question 1
label[27] = Question was incorrectly answered
label[28] = Joris was sent to the penalty box
label[29] = Korneel is the current player
label[30] = They have rolled a 3
label[31] = Korneel's new location is 3
label[32] = The category is Rock
label[33] = Rock Question 0
label[34] = Answer was corrent!!!!
label[35] = Korneel now has 1 Gold Coins.
label[36] = Jan is the current player
label[37] = They have rolled a 2
label[38] = Jan's new location is 4
label[39] = The category is Pop
label[40] = Pop Question 0
label[41] = Answer was corrent!!!!
label[42] = Jan now has 2 Gold Coins.
label[43] = Piet is the current player
label[44] = They have rolled a 5
label[45] = Piet's new location is 6
label[46] = The category is Sports
label[47] = Sports Question 1
label[48] = Question was incorrectly answered
label[49] = Piet was sent to the penalty box
label[50] = Joris is the current player
label[51] = They have rolled a 4
label[52] = Joris is not getting out of the penalty box
label[53] = Korneel is the current player
label[54] = They have rolled a 1
label[55] = Korneel's new location is 4
label[56] = The category is Pop
label[57] = Pop Question 1
label[58] = Answer was corrent!!!!
label[59] = Korneel now has 2 Gold Coins.
label[60] = Jan is the current player
label[61] = They have rolled a 3
label[62] = Jan's new location is 7
label[63] = The category is Rock
label[64] = Rock Question 1
label[65] = Answer was corrent!!!!
label[66] = Jan now has 3 Gold Coins.
label[67] = Piet is the current player
label[68] = They have rolled a 4
label[69] = Piet is not getting out of the penalty box
label[70] = Joris is the current player
label[71] = They have rolled a 5
label[72] = Joris is getting out of the penalty box
label[73] = Joris's new location is 10
label[74] = The category is Sports
label[75] = Sports Question 2
label[76] = Question was incorrectly answered
label[77] = Joris was sent to the penalty box
label[78] = Korneel is the current player
label[79] = They have rolled a 1
label[80] = Korneel's new location is 5
label[81] = The category is Science
label[82] = Science Question 2
label[83] = Answer was corrent!!!!
label[84] = Korneel now has 3 Gold Coins.
label[85] = Jan is the current player
label[86] = They have rolled a 4
label[87] = Jan's new location is 11
label[88] = The category is Rock
label[89] = Rock Question 2
label[90] = Answer was corrent!!!!
label[91] = Jan now has 4 Gold Coins.
label[92] = Piet is the current player
label[93] = They have rolled a 6
label[94] = Piet is not getting out of the penalty box
label[95] = Question was incorrectly answered
label[96] = Piet was sent to the penalty box
label[97] = Joris is the current player
label[98] = They have rolled a 1
label[99] = Joris is getting out of the penalty box
label[100] = Joris's new location is 11
label[101] = The category is Rock
label[102] = Rock Question 3
label[103] = Answer was correct!!!!
label[104] = Joris now has 1 Gold Coins.
label[105] = Korneel is the current player
label[106] = They have rolled a 1
label[107] = Korneel's new location is 6
label[108] = The category is Sports
label[109] = Sports Question 3
label[110] = Answer was corrent!!!!
label[111] = Korneel now has 4 Gold Coins.
label[112] = Jan is the current player
label[113] = They have rolled a 6
label[114] = Jan's new location is 5
label[115] = The category is Science
label[116] = Science Question 3
label[117] = Question was incorrectly answered
label[118] = Jan was sent to the penalty box
label[119] = Piet is the current player
label[120] = They have rolled a 4
label[121] = Piet is not getting out of the penalty box
label[122] = Joris is the current player
label[123] = They have rolled a 2
label[124] = Joris is not getting out of the penalty box
label[125] = Korneel is the current player
label[126] = They have rolled a 2
label[127] = Korneel's new location is 8
label[128] = The category is Pop
label[129] = Pop Question 2
label[130] = Answer was corrent!!!!
label[131] = Korneel now has 5 Gold Coins.
label[132] = Jan is the current player
label[133] = They have rolled a 2
label[134] = Jan is not getting out of the penalty box
label[135] = Piet is the current player
label[136] = They have rolled a 4
label[137] = Piet is not getting out of the penalty box
label[138] = Joris is the current player
label[139] = They have rolled a 5
label[140] = Joris is getting out of the penalty box
label[141] = Joris's new location is 4
label[142] = The category is Pop
label[143] = Pop Question 3
label[144] = Answer was correct!!!!
label[145] = Joris now has 2 Gold Coins.
label[146] = Korneel is the current player
label[147] = They have rolled a 4
label[148] = Korneel's new location is 0
label[149] = The category is Pop
label[150] = Pop Question 4
label[151] = Answer was corrent!!!!
label[152] = Korneel now has 6 Gold Coins.
