

label[0] = Jan was added
label[1] = They are player number 1
label[2] = Piet was added
label[3] = They are player number 2
label[4] = Joris was added
label[5] = They are player number 3
label[6] = Korneel was added
label[7] = They are player number 4
label[8] = Jan is the current player
label[9] = They have rolled a 4
label[10] = Jan's new location is 4
label[11] = The category is Pop
label[12] = Pop Question 0
label[13] = Answer was corrent!!!!
label[14] = Jan now has 1 Gold Coins.
label[15] = Piet is the current player
label[16] = They have rolled a 4
label[17] = Piet's new location is 4
label[18] = The category is Pop
label[19] = Pop Question 1
label[20] = Answer was corrent!!!!
label[21] = Piet now has 1 Gold Coins.
label[22] = Joris is the current player
label[23] = They have rolled a 6
label[24] = Joris's new location is 6
label[25] = The category is Sports
label[26] = Sports Question 0
label[27] = Question was incorrectly answered
label[28] = Joris was sent to the penalty box
label[29] = Korneel is the current player
label[30] = They have rolled a 2
label[31] = Korneel's new location is 2
label[32] = The category is Sports
label[33] = Sports Question 1
label[34] = Answer was corrent!!!!
label[35] = Korneel now has 1 Gold Coins.
label[36] = Jan is the current player
label[37] = They have rolled a 1
label[38] = Jan's new location is 5
label[39] = The category is Science
label[40] = Science Question 0
label[41] = Answer was corrent!!!!
label[42] = Jan now has 2 Gold Coins.
label[43] = Piet is the current player
label[44] = They have rolled a 6
label[45] = Piet's new location is 10
label[46] = The category is Sports
label[47] = Sports Question 2
label[48] = Question was incorrectly answered
label[49] = Piet was sent to the penalty box
label[50] = Joris is the current player
label[51] = They have rolled a 5
label[52] = Joris is getting out of the penalty box
label[53] = Joris's new location is 11
label[54] = The category is Rock
label[55] = Rock Question 0
label[56] = Answer was correct!!!!
label[57] = Joris now has 1 Gold Coins.
label[58] = Korneel is the current player
label[59] = They have rolled a 6
label[60] = Korneel's new location is 8
label[61] = The category is Pop
label[62] = Pop Question 2
label[63] = Question was incorrectly answered
label[64] = Korneel was sent to the penalty box
label[65] = Jan is the current player
label[66] = They have rolled a 4
label[67] = Jan's new location is 9
label[68] = The category is Science
label[69] = Science Question 1
label[70] = Answer was corrent!!!!
label[71] = Jan now has 3 Gold Coins.
label[72] = Piet is the current player
label[73] = They have rolled a 1
label[74] = Piet is getting out of the penalty box
label[75] = Piet's new location is 11
label[76] = The category is Rock
label[77] = Rock Question 1
label[78] = Answer was correct!!!!
label[79] = Piet now has 2 Gold Coins.
label[80] = Joris is the current player
label[81] = They have rolled a 6
label[82] = Joris is not getting out of the penalty box
label[83] = Question was incorrectly answered
label[84] = Joris was sent to the penalty box
label[85] = Korneel is the current player
label[86] = They have rolled a 4
label[87] = Korneel is not getting out of the penalty box
label[88] = Jan is the current player
label[89] = They have rolled a 4
label[90] = Jan's new location is 1
label[91] = The category is Science
label[92] = Science Question 2
label[93] = Answer was corrent!!!!
label[94] = Jan now has 4 Gold Coins.
label[95] = Piet is the current player
label[96] = They have rolled a 2
label[97] = Piet is not getting out of the penalty box
label[98] = Joris is the current player
label[99] = They have rolled a 1
label[100] = Joris is getting out of the penalty box
label[101] = Joris's new location is 0
label[102] = The category is Pop
label[103] = Pop Question 3
label[104] = Answer was correct!!!!
label[105] = Joris now has 2 Gold Coins.
label[106] = Korneel is the current player
label[107] = They have rolled a 1
label[108] = Korneel is getting out of the penalty box
label[109] = Korneel's new location is 9
label[110] = The category is Science
label[111] = Science Question 3
label[112] = Answer was correct!!!!
label[113] = Korneel now has 2 Gold Coins.
label[114] = Jan is the current player
label[115] = They have rolled a 2
label[116] = Jan's new location is 3
label[117] = The category is Rock
label[118] = Rock Question 2
label[119] = Answer was corrent!!!!
label[120] = Jan now has 5 Gold Coins.
label[121] = Piet is the current player
label[122] = They have rolled a 1
label[123] = Piet is getting out of the penalty box
label[124] = Piet's new location is 0
label[125] = The category is Pop
label[126] = Pop Question 4
label[127] = Answer was correct!!!!
label[128] = Piet now has 3 Gold Coins.
label[129] = Joris is the current player
label[130] = They have rolled a 1
label[131] = Joris is getting out of the penalty box
label[132] = Joris's new location is 1
label[133] = The category is Science
label[134] = Science Question 4
label[135] = Answer was correct!!!!
label[136] = Joris now has 3 Gold Coins.
label[137] = Korneel is the current player
label[138] = They have rolled a 3
label[139] = Korneel is getting out of the penalty box
label[140] = Korneel's new location is 0
label[141] = The category is Pop
label[142] = Pop Question 5
label[143] = Answer was correct!!!!
label[144] = Korneel now has 3 Gold Coins.
label[145] = Jan is the current player
label[146] = They have rolled a 4
label[147] = Jan's new location is 7
label[148] = The category is Rock
label[149] = Rock Question 3
label[150] = Answer was corrent!!!!
label[151] = Jan now has 6 Gold Coins.
