

label[0] = Jan was added
label[1] = They are player number 1
label[2] = Piet was added
label[3] = They are player number 2
label[4] = Joris was added
label[5] = They are player number 3
label[6] = Korneel was added
label[7] = They are player number 4
label[8] = Jan is the current player
label[9] = They have rolled a 3
label[10] = Jan's new location is 3
label[11] = The category is Rock
label[12] = Rock Question 0
label[13] = Answer was corrent!!!!
label[14] = Jan now has 1 Gold Coins.
label[15] = Piet is the current player
label[16] = They have rolled a 6
label[17] = Piet's new location is 6
label[18] = The category is Sports
label[19] = Sports Question 0
label[20] = Question was incorrectly answered
label[21] = Piet was sent to the penalty box
label[22] = Joris is the current player
label[23] = They have rolled a 4
label[24] = Joris's new location is 4
label[25] = The category is Pop
label[26] = Pop Question 0
label[27] = Answer was corrent!!!!
label[28] = Joris now has 1 Gold Coins.
label[29] = Korneel is the current player
label[30] = They have rolled a 1
label[31] = Korneel's new location is 1
label[32] = The category is Science
label[33] = Science Question 0
label[34] = Answer was corrent!!!!
label[35] = Korneel now has 1 Gold Coins.
label[36] = Jan is the current player
label[37] = They have rolled a 3
label[38] = Jan's new location is 6
label[39] = The category is Sports
label[40] = Sports Question 1
label[41] = Answer was corrent!!!!
label[42] = Jan now has 2 Gold Coins.
label[43] = Piet is the current player
label[44] = They have rolled a 5
label[45] = Piet is getting out of the penalty box
label[46] = Piet's new location is 11
label[47] = The category is Rock
label[48] = Rock Question 1
label[49] = Answer was correct!!!!
label[50] = Piet now has 1 Gold Coins.
label[51] = Joris is the current player
label[52] = They have rolled a 1
label[53] = Joris's new location is 5
label[54] = The category is Science
label[55] = Science Question 1
label[56] = Answer was corrent!!!!
label[57] = Joris now has 2 Gold Coins.
label[58] = Korneel is the current player
label[59] = They have rolled a 6
label[60] = Korneel's new location is 7
label[61] = The category is Rock
label[62] = Rock Question 2
label[63] = Question was incorrectly answered
label[64] = Korneel was sent to the penalty box
label[65] = Jan is the current player
label[66] = They have rolled a 6
label[67] = Jan's new location is 0
label[68] = The category is Pop
label[69] = Pop Question 1
label[70] = Question was incorrectly answered
label[71] = Jan was sent to the penalty box
label[72] = Piet is the current player
label[73] = They have rolled a 6
label[74] = Piet is not getting out of the penalty box
label[75] = Question was incorrectly answered
label[76] = Piet was sent to the penalty box
label[77] = Joris is the current player
label[78] = They have rolled a 3
label[79] = Joris's new location is 8
label[80] = The category is Pop
label[81] = Pop Question 2
label[82] = Answer was corrent!!!!
label[83] = Joris now has 3 Gold Coins.
label[84] = Korneel is the current player
label[85] = They have rolled a 6
label[86] = Korneel is not getting out of the penalty box
label[87] = Question was incorrectly answered
label[88] = Korneel was sent to the penalty box
label[89] = Jan is the current player
label[90] = They have rolled a 3
label[91] = Jan is getting out of the penalty box
label[92] = Jan's new location is 3
label[93] = The category is Rock
label[94] = Rock Question 3
label[95] = Answer was correct!!!!
label[96] = Jan now has 3 Gold Coins.
label[97] = Piet is the current player
label[98] = They have rolled a 1
label[99] = Piet is getting out of the penalty box
label[100] = Piet's new location is 0
label[101] = The category is Pop
label[102] = Pop Question 3
label[103] = Answer was correct!!!!
label[104] = Piet now has 2 Gold Coins.
label[105] = Joris is the current player
label[106] = They have rolled a 6
label[107] = Joris's new location is 2
label[108] = The category is Sports
label[109] = Sports Question 2
label[110] = Question was incorrectly answered
label[111] = Joris was sent to the penalty box
label[112] = Korneel is the current player
label[113] = They have rolled a 3
label[114] = Korneel is getting out of the penalty box
label[115] = Korneel's new location is 10
label[116] = The category is Sports
label[117] = Sports Question 3
label[118] = Answer was correct!!!!
label[119] = Korneel now has 2 Gold Coins.
label[120] = Jan is the current player
label[121] = They have rolled a 5
label[122] = Jan is getting out of the penalty box
label[123] = Jan's new location is 8
label[124] = The category is Pop
label[125] = Pop Question 4
label[126] = Question was incorrectly answered
label[127] = Jan was sent to the penalty box
label[128] = Piet is the current player
label[129] = They have rolled a 3
label[130] = Piet is getting out of the penalty box
label[131] = Piet's new location is 3
label[132] = The category is Rock
label[133] = Rock Question 4
label[134] = Answer was correct!!!!
label[135] = Piet now has 3 Gold Coins.
label[136] = Joris is the current player
label[137] = They have rolled a 6
label[138] = Joris is not getting out of the penalty box
label[139] = Question was incorrectly answered
label[140] = Joris was sent to the penalty box
label[141] = Korneel is the current player
label[142] = They have rolled a 1
label[143] = Korneel is getting out of the penalty box
label[144] = Korneel's new location is 11
label[145] = The category is Rock
label[146] = Rock Question 5
label[147] = Answer was correct!!!!
label[148] = Korneel now has 3 Gold Coins.
label[149] = Jan is the current player
label[150] = They have rolled a 5
label[151] = Jan is getting out of the penalty box
label[152] = Jan's new location is 1
label[153] = The category is Science
label[154] = Science Question 2
label[155] = Answer was correct!!!!
label[156] = Jan now has 4 Gold Coins.
label[157] = Piet is the current player
label[158] = They have rolled a 4
label[159] = Piet is not getting out of the penalty box
label[160] = Joris is the current player
label[161] = They have rolled a 2
label[162] = Joris is not getting out of the penalty box
label[163] = Korneel is the current player
label[164] = They have rolled a 3
label[165] = Korneel is getting out of the penalty box
label[166] = Korneel's new location is 2
label[167] = The category is Sports
label[168] = Sports Question 4
label[169] = Answer was correct!!!!
label[170] = Korneel now has 4 Gold Coins.
label[171] = Jan is the current player
label[172] = They have rolled a 3
label[173] = Jan is getting out of the penalty box
label[174] = Jan's new location is 4
label[175] = The category is Pop
label[176] = Pop Question 5
label[177] = Answer was correct!!!!
label[178] = Jan now has 5 Gold Coins.
label[179] = Piet is the current player
label[180] = They have rolled a 1
label[181] = Piet is getting out of the penalty box
label[182] = Piet's new location is 4
label[183] = The category is Pop
label[184] = Pop Question 6
label[185] = Answer was correct!!!!
label[186] = Piet now has 4 Gold Coins.
label[187] = Joris is the current player
label[188] = They have rolled a 6
label[189] = Joris is not getting out of the penalty box
label[190] = Question was incorrectly answered
label[191] = Joris was sent to the penalty box
label[192] = Korneel is the current player
label[193] = They have rolled a 1
label[194] = Korneel is getting out of the penalty box
label[195] = Korneel's new location is 3
label[196] = The category is Rock
label[197] = Rock Question 6
label[198] = Answer was correct!!!!
label[199] = Korneel now has 5 Gold Coins.
label[200] = Jan is the current player
label[201] = They have rolled a 3
label[202] = Jan is getting out of the penalty box
label[203] = Jan's new location is 7
label[204] = The category is Rock
label[205] = Rock Question 7
label[206] = Answer was correct!!!!
label[207] = Jan now has 6 Gold Coins.
